/home/s21_yhr/miniconda3/envs/lzh_DDG/lib/python3.9/site-packages/transformers/tokenization_utils_base.py:1601: FutureWarning: `clean_up_tokenization_spaces` was not set. It will be set to `True` by default. This behavior will be depracted in transformers v4.45, and will be then set to `False` by default. For more details check this issue: https://github.com/huggingface/transformers/issues/31884
  warnings.warn(
/home/s21_yhr/miniconda3/envs/lzh_DDG/lib/python3.9/site-packages/torch/nn/modules/transformer.py:382: UserWarning: enable_nested_tensor is True, but self.use_nested_tensor is False because encoder_layer.norm_first was True
  warnings.warn(
{"stage": "natural_forward", "variant": "dyadic", "clips": 8, "total": 100, "elapsed_seconds": 34}
{"stage": "natural_forward", "variant": "dyadic", "clips": 16, "total": 100, "elapsed_seconds": 42}
{"stage": "natural_forward", "variant": "dyadic", "clips": 24, "total": 100, "elapsed_seconds": 50}
{"stage": "natural_forward", "variant": "dyadic", "clips": 32, "total": 100, "elapsed_seconds": 60}
{"stage": "natural_forward", "variant": "dyadic", "clips": 40, "total": 100, "elapsed_seconds": 69}
{"stage": "natural_forward", "variant": "dyadic", "clips": 48, "total": 100, "elapsed_seconds": 77}
{"stage": "natural_forward", "variant": "dyadic", "clips": 56, "total": 100, "elapsed_seconds": 87}
{"stage": "natural_forward", "variant": "dyadic", "clips": 64, "total": 100, "elapsed_seconds": 95}
{"stage": "natural_forward", "variant": "dyadic", "clips": 72, "total": 100, "elapsed_seconds": 104}
{"stage": "natural_forward", "variant": "dyadic", "clips": 80, "total": 100, "elapsed_seconds": 111}
{"stage": "natural_forward", "variant": "dyadic", "clips": 88, "total": 100, "elapsed_seconds": 120}
{"stage": "natural_forward", "variant": "dyadic", "clips": 96, "total": 100, "elapsed_seconds": 129}
{"stage": "interventions", "variant": "dyadic", "clips": 8, "total": 100, "elapsed_seconds": 137}
{"stage": "interventions", "variant": "dyadic", "clips": 16, "total": 100, "elapsed_seconds": 140}
{"stage": "interventions", "variant": "dyadic", "clips": 24, "total": 100, "elapsed_seconds": 144}
{"stage": "interventions", "variant": "dyadic", "clips": 32, "total": 100, "elapsed_seconds": 148}
{"stage": "interventions", "variant": "dyadic", "clips": 40, "total": 100, "elapsed_seconds": 152}
{"stage": "interventions", "variant": "dyadic", "clips": 48, "total": 100, "elapsed_seconds": 155}
{"stage": "interventions", "variant": "dyadic", "clips": 56, "total": 100, "elapsed_seconds": 159}
{"stage": "interventions", "variant": "dyadic", "clips": 64, "total": 100, "elapsed_seconds": 163}
{"stage": "interventions", "variant": "dyadic", "clips": 72, "total": 100, "elapsed_seconds": 166}
{"stage": "interventions", "variant": "dyadic", "clips": 80, "total": 100, "elapsed_seconds": 169}
{"stage": "interventions", "variant": "dyadic", "clips": 88, "total": 100, "elapsed_seconds": 174}
{"stage": "interventions", "variant": "dyadic", "clips": 96, "total": 100, "elapsed_seconds": 177}
{"finished": "runs/v2_influence_20260908/dyadic.json", "variant": "dyadic", "parity": {"context_max_absolute_error": 0.0, "prediction_max_absolute_error": 0.0}, "elapsed_seconds": 179.51210737228394}
