/home/s21_yhr/miniconda3/envs/lzh_DDG/lib/python3.9/site-packages/transformers/tokenization_utils_base.py:1601: FutureWarning: `clean_up_tokenization_spaces` was not set. It will be set to `True` by default. This behavior will be depracted in transformers v4.45, and will be then set to `False` by default. For more details check this issue: https://github.com/huggingface/transformers/issues/31884
  warnings.warn(
/home/s21_yhr/miniconda3/envs/lzh_DDG/lib/python3.9/site-packages/torch/nn/modules/transformer.py:382: UserWarning: enable_nested_tensor is True, but self.use_nested_tensor is False because encoder_layer.norm_first was True
  warnings.warn(
{"stage": "natural_forward", "variant": "none", "clips": 8, "total": 100, "elapsed_seconds": 33}
{"stage": "natural_forward", "variant": "none", "clips": 16, "total": 100, "elapsed_seconds": 41}
{"stage": "natural_forward", "variant": "none", "clips": 24, "total": 100, "elapsed_seconds": 48}
{"stage": "natural_forward", "variant": "none", "clips": 32, "total": 100, "elapsed_seconds": 57}
{"stage": "natural_forward", "variant": "none", "clips": 40, "total": 100, "elapsed_seconds": 65}
{"stage": "natural_forward", "variant": "none", "clips": 48, "total": 100, "elapsed_seconds": 73}
{"stage": "natural_forward", "variant": "none", "clips": 56, "total": 100, "elapsed_seconds": 82}
{"stage": "natural_forward", "variant": "none", "clips": 64, "total": 100, "elapsed_seconds": 90}
{"stage": "natural_forward", "variant": "none", "clips": 72, "total": 100, "elapsed_seconds": 97}
{"stage": "natural_forward", "variant": "none", "clips": 80, "total": 100, "elapsed_seconds": 105}
{"stage": "natural_forward", "variant": "none", "clips": 88, "total": 100, "elapsed_seconds": 113}
{"stage": "natural_forward", "variant": "none", "clips": 96, "total": 100, "elapsed_seconds": 121}
{"stage": "interventions", "variant": "none", "clips": 8, "total": 100, "elapsed_seconds": 127}
{"stage": "interventions", "variant": "none", "clips": 16, "total": 100, "elapsed_seconds": 129}
{"stage": "interventions", "variant": "none", "clips": 24, "total": 100, "elapsed_seconds": 131}
{"stage": "interventions", "variant": "none", "clips": 32, "total": 100, "elapsed_seconds": 133}
{"stage": "interventions", "variant": "none", "clips": 40, "total": 100, "elapsed_seconds": 135}
{"stage": "interventions", "variant": "none", "clips": 48, "total": 100, "elapsed_seconds": 137}
{"stage": "interventions", "variant": "none", "clips": 56, "total": 100, "elapsed_seconds": 139}
{"stage": "interventions", "variant": "none", "clips": 64, "total": 100, "elapsed_seconds": 141}
{"stage": "interventions", "variant": "none", "clips": 72, "total": 100, "elapsed_seconds": 143}
{"stage": "interventions", "variant": "none", "clips": 80, "total": 100, "elapsed_seconds": 145}
{"stage": "interventions", "variant": "none", "clips": 88, "total": 100, "elapsed_seconds": 147}
{"stage": "interventions", "variant": "none", "clips": 96, "total": 100, "elapsed_seconds": 149}
{"finished": "runs/v2_influence_20260908/none.json", "variant": "none", "parity": {"context_max_absolute_error": 0.0, "prediction_max_absolute_error": 0.0}, "elapsed_seconds": 150.48294115066528}
